<?xml version="1.0" encoding="UTF-8"?>
<testsuites name="jest tests" tests="2" failures="0" errors="0" time="0.475">
  <testsuite name="api endpoints" errors="0" failures="0" skipped="0" timestamp="2021-03-11T16:02:27" time="0.454" tests="2">
    <testcase classname="api endpoints should fail should return 400 (BAD_REQUEST) some endpoint missing data" name="api endpoints should fail should return 400 (BAD_REQUEST) some endpoint missing data" time="0.012">
    </testcase>
    <testcase classname="api endpoints should not fail should return 200 (OK) some endpoint missing data" name="api endpoints should not fail should return 200 (OK) some endpoint missing data" time="0.012">
    </testcase>
  </testsuite>
</testsuites>